#
# There is insufficient memory for the Java Runtime Environment to continue.
# Native memory allocation (malloc) failed to allocate 311136 bytes. Error detail: Chunk::new
# Possible reasons:
#   The system is out of physical RAM or swap space
#   This process is running with CompressedOops enabled, and the Java Heap may be blocking the growth of the native heap
# Possible solutions:
#   Reduce memory load on the system
#   Increase physical memory or swap space
#   Check if swap backing store is full
#   Decrease Java heap size (-Xmx/-Xms)
#   Decrease number of Java threads
#   Decrease Java thread stack sizes (-Xss)
#   Set larger code cache with -XX:ReservedCodeCacheSize=
#   JVM is running with Unscaled Compressed Oops mode in which the Java heap is
#     placed in the first 4GB address space. The Java Heap base address is the
#     maximum limit for the native heap growth. Please use -XX:HeapBaseMinAddress
#     to set the Java Heap base and to place the Java Heap above 4GB virtual address.
# This output file may be truncated or incomplete.
#
#  Out of Memory Error (arena.cpp:168), pid=11120, tid=20272
#
# JRE version: OpenJDK Runtime Environment Temurin-21.0.11+10 (21.0.11+10) (build 21.0.11+10-LTS)
# Java VM: OpenJDK 64-Bit Server VM Temurin-21.0.11+10 (21.0.11+10-LTS, mixed mode, sharing, tiered, compressed oops, compressed class ptrs, parallel gc, windows-amd64)
# No core dump will be written. Minidumps are not enabled by default on client versions of Windows
#

---------------  S U M M A R Y ------------

Command Line: --add-modules=ALL-SYSTEM --add-opens=java.base/java.util=ALL-UNNAMED --add-opens=java.base/java.lang=ALL-UNNAMED --add-opens=java.base/sun.nio.fs=ALL-UNNAMED -Declipse.application=org.eclipse.jdt.ls.core.id1 -Dosgi.bundles.defaultStartLevel=4 -Declipse.product=org.eclipse.jdt.ls.core.product -Djava.import.generatesMetadataFilesAtProjectRoot=false -DDetectVMInstallationsJob.disabled=true -Dfile.encoding=utf8 -XX:+UseParallelGC -XX:GCTimeRatio=4 -XX:AdaptiveSizePolicyWeight=90 -Dsun.zip.disableMemoryMapping=true -Xmx2G -Xms100m -Xlog:disable -javaagent:c:\Users\NagaNandhini\.vscode\extensions\redhat.java-1.55.0-win32-x64\lombok\lombok-1.18.39-4050.jar -XX:+HeapDumpOnOutOfMemoryError -XX:HeapDumpPath=c:\Users\NagaNandhini\AppData\Roaming\Code\User\workspaceStorage\ee4bf4df9f230f047ae884ac8f780d55\redhat.java -Daether.dependencyCollector.impl=bf c:\Users\NagaNandhini\.vscode\extensions\redhat.java-1.55.0-win32-x64\server\plugins\org.eclipse.equinox.launcher_1.7.200.v20260619-2039.jar -configuration c:\Users\NagaNandhini\AppData\Roaming\Code\User\globalStorage\redhat.java\1.55.0\config_win -data c:\Users\NagaNandhini\AppData\Roaming\Code\User\workspaceStorage\ee4bf4df9f230f047ae884ac8f780d55\redhat.java\jdt_ws --pipe=\\.\pipe\lsp-49efc351e5d527976c1e8b7d4901ab11-sock

Host: 11th Gen Intel(R) Core(TM) i5-1135G7 @ 2.40GHz, 8 cores, 15G,  Windows 11 , 64 bit Build 26100 (10.0.26100.9168)
Time: Thu Aug 20 22:56:24 2026 India Standard Time elapsed time: 0.971497 seconds (0d 0h 0m 0s)

---------------  T H R E A D  ---------------

Current thread (0x000001fdb9fd5ae0):  JavaThread "C2 CompilerThread0" daemon [_thread_in_native, id=20272, stack(0x0000006f76000000,0x0000006f76100000) (1024K)]


Current CompileTask:
C2:971  959   !   4       java.util.jar.Attributes::read (494 bytes)

Stack: [0x0000006f76000000,0x0000006f76100000]
Native frames: (J=compiled Java code, j=interpreted, Vv=VM code, C=native code)
V  [jvm.dll+0x6d7e19]
V  [jvm.dll+0x8b5096]
V  [jvm.dll+0x8b764e]
V  [jvm.dll+0x8b7d33]
V  [jvm.dll+0x284596]
V  [jvm.dll+0xc685d]
V  [jvm.dll+0xc6da1]
V  [jvm.dll+0x2fb4ee]
V  [jvm.dll+0x5fe9a4]
V  [jvm.dll+0x255d67]
V  [jvm.dll+0x25612d]
V  [jvm.dll+0x24e6a0]
V  [jvm.dll+0x24bbe6]
V  [jvm.dll+0x1cb4ae]
V  [jvm.dll+0x25baad]
V  [jvm.dll+0x25a03a]
V  [jvm.dll+0x3f868e]
V  [jvm.dll+0x85fb0d]
V  [jvm.dll+0x6d664d]
C  [ucrtbase.dll+0x2cd30]
C  [KERNEL32.DLL+0x2ccb7]
C  [ntdll.dll+0xaad6c]


---------------  P R O C E S S  ---------------

Threads class SMR info:
_java_thread_list=0x000001fdfcafa860, length=13, elements={
0x000001fda354a9e0, 0x000001fdb9fbb6e0, 0x000001fdb9fc1620, 0x000001fdb9fc6ab0,
0x000001fdb9fc7510, 0x000001fdb9fd38f0, 0x000001fdb9fd4ca0, 0x000001fdb9fd5ae0,
0x000001fdfc898120, 0x000001fdfca5e060, 0x000001fdfcb21490, 0x000001fdfcba8580,
0x000001fdfcc423c0
}

Java Threads: ( => current thread )
  0x000001fda354a9e0 JavaThread "main"                              [_thread_in_vm, id=23760, stack(0x0000006f75600000,0x0000006f75700000) (1024K)]
  0x000001fdb9fbb6e0 JavaThread "Reference Handler"          daemon [_thread_blocked, id=932, stack(0x0000006f75a00000,0x0000006f75b00000) (1024K)]
  0x000001fdb9fc1620 JavaThread "Finalizer"                  daemon [_thread_blocked, id=18136, stack(0x0000006f75b00000,0x0000006f75c00000) (1024K)]
  0x000001fdb9fc6ab0 JavaThread "Signal Dispatcher"          daemon [_thread_blocked, id=16416, stack(0x0000006f75c00000,0x0000006f75d00000) (1024K)]
  0x000001fdb9fc7510 JavaThread "Attach Listener"            daemon [_thread_blocked, id=14872, stack(0x0000006f75d00000,0x0000006f75e00000) (1024K)]
  0x000001fdb9fd38f0 JavaThread "Service Thread"             daemon [_thread_blocked, id=21080, stack(0x0000006f75e00000,0x0000006f75f00000) (1024K)]
  0x000001fdb9fd4ca0 JavaThread "Monitor Deflation Thread"   daemon [_thread_blocked, id=12608, stack(0x0000006f75f00000,0x0000006f76000000) (1024K)]
=>0x000001fdb9fd5ae0 JavaThread "C2 CompilerThread0"         daemon [_thread_in_native, id=20272, stack(0x0000006f76000000,0x0000006f76100000) (1024K)]
  0x000001fdfc898120 JavaThread "C1 CompilerThread0"         daemon [_thread_blocked, id=19268, stack(0x0000006f76100000,0x0000006f76200000) (1024K)]
  0x000001fdfca5e060 JavaThread "Common-Cleaner"             daemon [_thread_blocked, id=8344, stack(0x0000006f76200000,0x0000006f76300000) (1024K)]
  0x000001fdfcb21490 JavaThread "C2 CompilerThread1"         daemon [_thread_blocked, id=21164, stack(0x0000006f76300000,0x0000006f76400000) (1024K)]
  0x000001fdfcba8580 JavaThread "Notification Thread"        daemon [_thread_blocked, id=21556, stack(0x0000006f76400000,0x0000006f76500000) (1024K)]
  0x000001fdfcc423c0 JavaThread "C2 CompilerThread2"         daemon [_thread_in_native, id=2412, stack(0x0000006f76500000,0x0000006f76600000) (1024K)]
Total: 13

Other Threads:
  0x000001fda35e7ba0 VMThread "VM Thread"                           [id=24196, stack(0x0000006f75900000,0x0000006f75a00000) (1024K)]
  0x000001fda35b8cc0 WatcherThread "VM Periodic Task Thread"        [id=14376, stack(0x0000006f75800000,0x0000006f75900000) (1024K)]
  0x000001fda3569320 WorkerThread "GC Thread#0"                     [id=19376, stack(0x0000006f75700000,0x0000006f75800000) (1024K)]
Total: 3

Threads with active compile tasks:
C2 CompilerThread0  1002  959   !   4       java.util.jar.Attributes::read (494 bytes)
C2 CompilerThread2  1002  960   !   4       java.lang.String::<init> (880 bytes)
Total: 2

VM state: not at safepoint (normal execution)

VM Mutex/Monitor currently owned by a thread:  ([mutex/lock_event])
[0x00007ffa76f6d4f0] Metaspace_lock - owner thread: 0x000001fda354a9e0

Heap address: 0x0000000080000000, size: 2048 MB, Compressed Oops mode: 32-bit

CDS archive(s) mapped at: [0x000001fdba000000-0x000001fdbaba0000-0x000001fdbaba0000), size 12189696, SharedBaseAddress: 0x000001fdba000000, ArchiveRelocationMode: 1.
Compressed class space mapped at: 0x000001fdbb000000-0x000001fdfb000000, reserved size: 1073741824
Narrow klass base: 0x000001fdba000000, Narrow klass shift: 0, Narrow klass range: 0x100000000

GC Precious Log:
 CardTable entry size: 512
 CPUs: 8 total, 8 available
 Memory: 16026M
 Large Page Support: Disabled
 NUMA Support: Disabled
 Compressed Oops: Enabled (32-bit)
 Alignments: Space 512K, Generation 512K, Heap 2M
 Heap Min Capacity: 100M
 Heap Initial Capacity: 100M
 Heap Max Capacity: 2G
 Pre-touch: Disabled
 Parallel Workers: 8

Heap:
 PSYoungGen      total 29696K, used 21029K [0x00000000d5580000, 0x00000000d7680000, 0x0000000100000000)
  eden space 25600K, 82% used [0x00000000d5580000,0x00000000d6a09588,0x00000000d6e80000)
  from space 4096K, 0% used [0x00000000d7280000,0x00000000d7280000,0x00000000d7680000)
  to   space 4096K, 0% used [0x00000000d6e80000,0x00000000d6e80000,0x00000000d7280000)
 ParOldGen       total 68608K, used 0K [0x0000000080000000, 0x0000000084300000, 0x00000000d5580000)
  object space 68608K, 0% used [0x0000000080000000,0x0000000080000000,0x0000000084300000)
 Metaspace       used 3687K, committed 3904K, reserved 1114112K
  class space    used 406K, committed 512K, reserved 1048576K

Card table byte_map: [0x000001fda2f00000,0x000001fda3310000] _byte_map_base: 0x000001fda2b00000

Marking Bits: (ParMarkBitMap*) 0x00007ffa76f74460
 Begin Bits: [0x000001fdb59f0000, 0x000001fdb79f0000)
 End Bits:   [0x000001fdb79f0000, 0x000001fdb99f0000)

Polling page: 0x000001fda1740000

Metaspace:

Usage:
  Non-class:      3.20 MB used.
      Class:    406.07 KB used.
       Both:      3.60 MB used.

Virtual space:
  Non-class space:       64.00 MB reserved,       3.31 MB (  5%) committed,  1 nodes.
      Class space:        1.00 GB reserved,     512.00 KB ( <1%) committed,  1 nodes.
             Both:        1.06 GB reserved,       3.81 MB ( <1%) committed. 

Chunk freelists:
   Non-Class:  11.37 MB
       Class:  15.46 MB
        Both:  26.83 MB

MaxMetaspaceSize: unlimited
CompressedClassSpaceSize: 1.00 GB
Initial GC threshold: 21.00 MB
Current GC threshold: 21.00 MB
CDS: on
 - commit_granule_bytes: 65536.
 - commit_granule_words: 8192.
 - virtual_space_node_default_size: 8388608.
 - enlarge_chunks_in_place: 1.
 - use_allocation_guard: 0.


Internal statistics:

num_allocs_failed_limit: 0.
num_arena_births: 174.
num_arena_deaths: 0.
num_vsnodes_births: 2.
num_vsnodes_deaths: 0.
num_space_committed: 61.
num_space_uncommitted: 0.
num_chunks_returned_to_freelist: 0.
num_chunks_taken_from_freelist: 223.
num_chunk_merges: 0.
num_chunk_splits: 146.
num_chunks_enlarged: 81.
num_inconsistent_stats: 0.

CodeHeap 'non-profiled nmethods': size=120000Kb used=385Kb max_used=385Kb free=119614Kb
 bounds [0x000001fdae210000, 0x000001fdae480000, 0x000001fdb5740000]
CodeHeap 'profiled nmethods': size=120000Kb used=1576Kb max_used=1576Kb free=118423Kb
 bounds [0x000001fda6740000, 0x000001fda69b0000, 0x000001fdadc70000]
CodeHeap 'non-nmethods': size=5760Kb used=1203Kb max_used=1233Kb free=4556Kb
 bounds [0x000001fdadc70000, 0x000001fdadee0000, 0x000001fdae210000]
CodeCache: size=245760Kb, used=3164Kb, max_used=3194Kb, free=242593Kb
 total_blobs=1439, nmethods=988, adapters=358, full_count=0
Compilation: enabled, stopped_count=0, restarted_count=0

Compilation events (20 events):
Event: 0.930 Thread 0x000001fdfc898120  969       3       java.lang.String::valueOf (15 bytes)
Event: 0.934 Thread 0x000001fdfc898120 nmethod 969 0x000001fda68b6a90 code [0x000001fda68b6c40, 0x000001fda68b6e48]
Event: 0.935 Thread 0x000001fdfc898120  970       3       java.math.BigInteger::implMultiplyToLen (216 bytes)
Event: 0.936 Thread 0x000001fdfc898120 nmethod 970 0x000001fda68b6f10 code [0x000001fda68b7100, 0x000001fda68b76a8]
Event: 0.938 Thread 0x000001fdfc898120  971       3       sun.security.util.DerOutputStream::putLength (147 bytes)
Event: 0.945 Thread 0x000001fdfc898120 nmethod 971 0x000001fda68b7a90 code [0x000001fda68b7e60, 0x000001fda68ba2d8]
Event: 0.945 Thread 0x000001fdfc898120  972  s    3       java.util.Hashtable::put (104 bytes)
Event: 0.946 Thread 0x000001fdfc898120 nmethod 972 0x000001fda68bb210 code [0x000001fda68bb420, 0x000001fda68bbaf8]
Event: 0.946 Thread 0x000001fdfc898120  973       3       java.util.Hashtable::addEntry (87 bytes)
Event: 0.947 Thread 0x000001fdfc898120 nmethod 973 0x000001fda68bbd90 code [0x000001fda68bbf80, 0x000001fda68bc5b0]
Event: 0.948 Thread 0x000001fdfc898120  974       3       sun.security.util.SignatureFileVerifier::updateSigners (132 bytes)
Event: 0.949 Thread 0x000001fdfc898120 nmethod 974 0x000001fda68bc810 code [0x000001fda68bcac0, 0x000001fda68bd960]
Event: 0.949 Thread 0x000001fdfc898120  975       3       sun.security.util.SignatureFileVerifier::matches (89 bytes)
Event: 0.951 Thread 0x000001fdfc898120 nmethod 975 0x000001fda68bdf10 code [0x000001fda68be1c0, 0x000001fda68bf010]
Event: 0.954 Thread 0x000001fdfc898120  976       3       java.lang.invoke.MethodHandles$Lookup::checkSymbolicClass (25 bytes)
Event: 0.955 Thread 0x000001fdfc898120 nmethod 976 0x000001fda68bf610 code [0x000001fda68bf7e0, 0x000001fda68bfa60]
Event: 0.964 Thread 0x000001fdfc898120  977       3       java.util.zip.ZipFile::getZipEntry (322 bytes)
Event: 0.966 Thread 0x000001fdfcb21490  980       4       java.util.HashMap::get (19 bytes)
Event: 0.969 Thread 0x000001fdfc898120 nmethod 977 0x000001fda68bfb90 code [0x000001fda68c00e0, 0x000001fda68c3020]
Event: 0.969 Thread 0x000001fdfc898120  978       3       java.lang.ref.WeakReference::<init> (7 bytes)

GC Heap History (0 events):
No events

Dll operation events (8 events):
Event: 0.020 Loaded shared library c:\Users\NagaNandhini\.vscode\extensions\redhat.java-1.55.0-win32-x64\jre\21.0.11-win32-x86_64\bin\java.dll
Event: 0.130 Loaded shared library c:\Users\NagaNandhini\.vscode\extensions\redhat.java-1.55.0-win32-x64\jre\21.0.11-win32-x86_64\bin\zip.dll
Event: 0.167 Loaded shared library C:\Users\NagaNandhini\.vscode\extensions\redhat.java-1.55.0-win32-x64\jre\21.0.11-win32-x86_64\bin\instrument.dll
Event: 0.175 Loaded shared library C:\Users\NagaNandhini\.vscode\extensions\redhat.java-1.55.0-win32-x64\jre\21.0.11-win32-x86_64\bin\net.dll
Event: 0.179 Loaded shared library C:\Users\NagaNandhini\.vscode\extensions\redhat.java-1.55.0-win32-x64\jre\21.0.11-win32-x86_64\bin\nio.dll
Event: 0.187 Loaded shared library C:\Users\NagaNandhini\.vscode\extensions\redhat.java-1.55.0-win32-x64\jre\21.0.11-win32-x86_64\bin\zip.dll
Event: 0.221 Loaded shared library C:\Users\NagaNandhini\.vscode\extensions\redhat.java-1.55.0-win32-x64\jre\21.0.11-win32-x86_64\bin\jimage.dll
Event: 0.320 Loaded shared library c:\Users\NagaNandhini\.vscode\extensions\redhat.java-1.55.0-win32-x64\jre\21.0.11-win32-x86_64\bin\verify.dll

Deoptimization events (20 events):
Event: 0.692 Thread 0x000001fda354a9e0 DEOPT PACKING pc=0x000001fda683aa04 sp=0x0000006f756fd7f0
Event: 0.692 Thread 0x000001fda354a9e0 DEOPT UNPACKING pc=0x000001fdadcc78e2 sp=0x0000006f756fcc48 mode 0
Event: 0.692 Thread 0x000001fda354a9e0 DEOPT PACKING pc=0x000001fda683aa04 sp=0x0000006f756fd880
Event: 0.692 Thread 0x000001fda354a9e0 DEOPT UNPACKING pc=0x000001fdadcc78e2 sp=0x0000006f756fccd8 mode 0
Event: 0.692 Thread 0x000001fda354a9e0 DEOPT PACKING pc=0x000001fda683aa04 sp=0x0000006f756fd880
Event: 0.692 Thread 0x000001fda354a9e0 DEOPT UNPACKING pc=0x000001fdadcc78e2 sp=0x0000006f756fccd8 mode 0
Event: 0.693 Thread 0x000001fda354a9e0 Uncommon trap: trap_request=0xffffff6e fr.pc=0x000001fdae24f568 relative=0x0000000000000348
Event: 0.693 Thread 0x000001fda354a9e0 Uncommon trap: reason=loop_limit_check action=maybe_recompile pc=0x000001fdae24f568 method=java.math.BigInteger.implMulAdd([I[IIII)I @ 26 c2
Event: 0.693 Thread 0x000001fda354a9e0 DEOPT PACKING pc=0x000001fdae24f568 sp=0x0000006f756fd800
Event: 0.693 Thread 0x000001fda354a9e0 DEOPT UNPACKING pc=0x000001fdadcc6da2 sp=0x0000006f756fd750 mode 2
Event: 0.773 Thread 0x000001fda354a9e0 Uncommon trap: trap_request=0xffffff45 fr.pc=0x000001fdae25652c relative=0x000000000000008c
Event: 0.773 Thread 0x000001fda354a9e0 Uncommon trap: reason=unstable_if action=reinterpret pc=0x000001fdae25652c method=jdk.internal.misc.Unsafe.convEndian(ZI)I @ 4 c2
Event: 0.773 Thread 0x000001fda354a9e0 DEOPT PACKING pc=0x000001fdae25652c sp=0x0000006f756fdb60
Event: 0.773 Thread 0x000001fda354a9e0 DEOPT UNPACKING pc=0x000001fdadcc6da2 sp=0x0000006f756fda90 mode 2
Event: 0.776 Thread 0x000001fda354a9e0 Uncommon trap: trap_request=0xffffff45 fr.pc=0x000001fdae23eebc relative=0x000000000000065c
Event: 0.776 Thread 0x000001fda354a9e0 Uncommon trap: reason=unstable_if action=reinterpret pc=0x000001fdae23eebc method=java.lang.AbstractStringBuilder.append(Ljava/lang/String;)Ljava/lang/AbstractStringBuilder; @ 1 c2
Event: 0.776 Thread 0x000001fda354a9e0 DEOPT PACKING pc=0x000001fdae23eebc sp=0x0000006f756fdec0
Event: 0.776 Thread 0x000001fda354a9e0 DEOPT UNPACKING pc=0x000001fdadcc6da2 sp=0x0000006f756fde50 mode 2
Event: 0.806 Thread 0x000001fda354a9e0 DEOPT PACKING pc=0x000001fda685155d sp=0x0000006f756fd3a0
Event: 0.806 Thread 0x000001fda354a9e0 DEOPT UNPACKING pc=0x000001fdadcc78e2 sp=0x0000006f756fc818 mode 0

Classes loaded (20 events):
Event: 0.880 Loading class sun/nio/fs/WindowsSecurity
Event: 0.880 Loading class sun/nio/fs/WindowsSecurity done
Event: 0.881 Loading class sun/nio/fs/WindowsFileStore
Event: 0.881 Loading class java/nio/file/FileStore
Event: 0.881 Loading class java/nio/file/FileStore done
Event: 0.881 Loading class sun/nio/fs/WindowsFileStore done
Event: 0.888 Loading class java/net/URLClassLoader$1
Event: 0.888 Loading class java/net/URLClassLoader$1 done
Event: 0.914 Loading class sun/security/util/MemoryCache$QueueCacheEntry
Event: 0.915 Loading class sun/security/util/MemoryCache$QueueCacheEntry done
Event: 0.953 Loading class java/io/FilePermission$1
Event: 0.953 Loading class jdk/internal/access/JavaIOFilePermissionAccess
Event: 0.953 Loading class jdk/internal/access/JavaIOFilePermissionAccess done
Event: 0.953 Loading class java/io/FilePermission$1 done
Event: 0.954 Loading class java/io/FilePermissionCollection
Event: 0.954 Loading class java/io/FilePermissionCollection done
Event: 0.965 Loading class java/util/EventListener
Event: 0.965 Loading class java/util/EventListener done
Event: 0.966 Loading class java/lang/InterruptedException
Event: 0.966 Loading class java/lang/InterruptedException done

Classes unloaded (0 events):
No events

Classes redefined (0 events):
No events

Internal exceptions (20 events):
Event: 0.270 Thread 0x000001fda354a9e0 Exception <a 'java/lang/NoSuchMethodError'{0x00000000d59ea008}: 'void java.lang.invoke.DelegatingMethodHandle$Holder.reinvoke_L(java.lang.Object, java.lang.Object, java.lang.Object, int, java.lang.Object)'> (0x00000000d59ea008) 
thrown [s\src\hotspot\share\interpreter\linkResolver.cpp, line 773]
Event: 0.273 Thread 0x000001fda354a9e0 Exception <a 'java/lang/NoSuchMethodError'{0x00000000d59fa958}: 'int java.lang.invoke.DirectMethodHandle$Holder.invokeSpecial(java.lang.Object, java.lang.Object, java.lang.Object)'> (0x00000000d59fa958) 
thrown [s\src\hotspot\share\interpreter\linkResolver.cpp, line 773]
Event: 0.275 Thread 0x000001fda354a9e0 Exception <a 'java/lang/NoSuchMethodError'{0x00000000d5a06618}: 'java.lang.Object java.lang.invoke.DirectMethodHandle$Holder.invokeStatic(java.lang.Object, java.lang.Object, int)'> (0x00000000d5a06618) 
thrown [s\src\hotspot\share\interpreter\linkResolver.cpp, line 773]
Event: 0.276 Thread 0x000001fda354a9e0 Exception <a 'java/lang/NoSuchMethodError'{0x00000000d5a0af68}: 'void java.lang.invoke.DirectMethodHandle$Holder.invokeStatic(java.lang.Object, java.lang.Object, int, java.lang.Object)'> (0x00000000d5a0af68) 
thrown [s\src\hotspot\share\interpreter\linkResolver.cpp, line 773]
Event: 0.277 Thread 0x000001fda354a9e0 Exception <a 'java/lang/NoSuchMethodError'{0x00000000d5a0eaf8}: 'void java.lang.invoke.DirectMethodHandle$Holder.invokeSpecial(java.lang.Object, java.lang.Object, java.lang.Object, int, java.lang.Object)'> (0x00000000d5a0eaf8) 
thrown [s\src\hotspot\share\interpreter\linkResolver.cpp, line 773]
Event: 0.277 Thread 0x000001fda354a9e0 Exception <a 'java/lang/NoSuchMethodError'{0x00000000d5a121e0}: 'void java.lang.invoke.DelegatingMethodHandle$Holder.delegate(java.lang.Object, java.lang.Object, int, java.lang.Object)'> (0x00000000d5a121e0) 
thrown [s\src\hotspot\share\interpreter\linkResolver.cpp, line 773]
Event: 0.355 Thread 0x000001fda354a9e0 Exception <a 'java/lang/NoSuchMethodError'{0x00000000d5bd2f08}: 'void java.lang.invoke.DelegatingMethodHandle$Holder.reinvoke_L(java.lang.Object, java.lang.Object, java.lang.Object, int)'> (0x00000000d5bd2f08) 
thrown [s\src\hotspot\share\interpreter\linkResolver.cpp, line 773]
Event: 0.538 Thread 0x000001fda354a9e0 Exception <a 'java/lang/NoSuchMethodError'{0x00000000d6061588}: 'void java.lang.invoke.DirectMethodHandle$Holder.invokeVirtual(java.lang.Object, java.lang.Object)'> (0x00000000d6061588) 
thrown [s\src\hotspot\share\interpreter\linkResolver.cpp, line 773]
Event: 0.737 Thread 0x000001fda354a9e0 Exception <a 'java/lang/NoSuchMethodError'{0x00000000d644c7d8}: 'void java.lang.invoke.DirectMethodHandle$Holder.invokeStatic(java.lang.Object, java.lang.Object)'> (0x00000000d644c7d8) 
thrown [s\src\hotspot\share\interpreter\linkResolver.cpp, line 773]
Event: 0.743 Thread 0x000001fda354a9e0 Exception <a 'java/lang/ClassNotFoundException'{0x00000000d64748d8}: sun/net/www/protocol/c/Handler> (0x00000000d64748d8) 
thrown [s\src\hotspot\share\classfile\systemDictionary.cpp, line 313]
Event: 0.769 Thread 0x000001fda354a9e0 Exception <a 'java/io/FileNotFoundException'{0x00000000d64d35f8}> (0x00000000d64d35f8) 
thrown [s\src\hotspot\share\prims\jni.cpp, line 520]
Event: 0.771 Thread 0x000001fda354a9e0 Exception <a 'java/io/FileNotFoundException'{0x00000000d64d4970}> (0x00000000d64d4970) 
thrown [s\src\hotspot\share\prims\jni.cpp, line 520]
Event: 0.771 Thread 0x000001fda354a9e0 Exception <a 'java/io/FileNotFoundException'{0x00000000d64d5638}> (0x00000000d64d5638) 
thrown [s\src\hotspot\share\prims\jni.cpp, line 520]
Event: 0.771 Thread 0x000001fda354a9e0 Exception <a 'java/io/FileNotFoundException'{0x00000000d64d61b8}> (0x00000000d64d61b8) 
thrown [s\src\hotspot\share\prims\jni.cpp, line 520]
Event: 0.776 Thread 0x000001fda354a9e0 Implicit null exception at 0x000001fdae23e8a4 to 0x000001fdae23eea4
Event: 0.782 Thread 0x000001fda354a9e0 Exception <a 'java/io/FileNotFoundException'{0x00000000d65103a0}> (0x00000000d65103a0) 
thrown [s\src\hotspot\share\prims\jni.cpp, line 520]
Event: 0.804 Thread 0x000001fda354a9e0 Exception <a 'java/lang/NoSuchMethodError'{0x00000000d654c620}: 'java.lang.Object java.lang.invoke.DirectMethodHandle$Holder.invokeInterface(java.lang.Object, java.lang.Object)'> (0x00000000d654c620) 
thrown [s\src\hotspot\share\interpreter\linkResolver.cpp, line 773]
Event: 0.811 Thread 0x000001fda354a9e0 Exception <a 'java/lang/NoSuchMethodError'{0x00000000d6560180}: 'java.lang.Object java.lang.invoke.Invokers$Holder.invokeExact_MT(java.lang.Object, java.lang.Object, java.lang.Object, java.lang.Object, java.lang.Object, java.lang.Object)'> (0x00000000d6560180) 
thrown [s\src\hotspot\share\interpreter\linkResolver.cpp, line 773]
Event: 0.818 Thread 0x000001fda354a9e0 Exception <a 'java/lang/NoSuchMethodError'{0x00000000d6577258}: 'int java.lang.invoke.DirectMethodHandle$Holder.invokeStatic(java.lang.Object, java.lang.Object, java.lang.Object, java.lang.Object, java.lang.Object)'> (0x00000000d6577258) 
thrown [s\src\hotspot\share\interpreter\linkResolver.cpp, line 773]
Event: 0.850 Thread 0x000001fda354a9e0 Exception <a 'java/lang/NoSuchMethodError'{0x00000000d660d908}: 'java.lang.Object java.lang.invoke.DirectMethodHandle$Holder.invokeInterface(java.lang.Object, java.lang.Object, int)'> (0x00000000d660d908) 
thrown [s\src\hotspot\share\interpreter\linkResolver.cpp, line 773]

ZGC Phase Switch (0 events):
No events

VM Operations (8 events):
Event: 0.128 Executing non-safepoint VM operation: HandshakeAllThreads (Deoptimize)
Event: 0.128 Executing non-safepoint VM operation: HandshakeAllThreads (Deoptimize) done
Event: 0.243 Executing non-safepoint VM operation: HandshakeAllThreads (Deoptimize)
Event: 0.243 Executing non-safepoint VM operation: HandshakeAllThreads (Deoptimize) done
Event: 0.704 Executing non-safepoint VM operation: HandshakeAllThreads (Deoptimize)
Event: 0.704 Executing non-safepoint VM operation: HandshakeAllThreads (Deoptimize) done
Event: 0.729 Executing non-safepoint VM operation: HandshakeAllThreads (Deoptimize)
Event: 0.729 Executing non-safepoint VM operation: HandshakeAllThreads (Deoptimize) done

Memory protections (0 events):
No events

Nmethod flushes (0 events):
No events

Events (13 events):
Event: 0.040 Thread 0x000001fda354a9e0 Thread added: 0x000001fda354a9e0
Event: 0.069 Thread 0x000001fda354a9e0 Thread added: 0x000001fdb9fbb6e0
Event: 0.069 Thread 0x000001fda354a9e0 Thread added: 0x000001fdb9fc1620
Event: 0.070 Thread 0x000001fda354a9e0 Thread added: 0x000001fdb9fc6ab0
Event: 0.070 Thread 0x000001fda354a9e0 Thread added: 0x000001fdb9fc7510
Event: 0.070 Thread 0x000001fda354a9e0 Thread added: 0x000001fdb9fd38f0
Event: 0.070 Thread 0x000001fda354a9e0 Thread added: 0x000001fdb9fd4ca0
Event: 0.070 Thread 0x000001fda354a9e0 Thread added: 0x000001fdb9fd5ae0
Event: 0.070 Thread 0x000001fda354a9e0 Thread added: 0x000001fdfc898120
Event: 0.170 Thread 0x000001fda354a9e0 Thread added: 0x000001fdfca5e060
Event: 0.313 Thread 0x000001fdfc898120 Thread added: 0x000001fdfcb21490
Event: 0.459 Thread 0x000001fda354a9e0 Thread added: 0x000001fdfcba8580
Event: 0.596 Thread 0x000001fdfc898120 Thread added: 0x000001fdfcc423c0


Dynamic libraries:
0x00007ff6ba100000 - 0x00007ff6ba10e000 	c:\Users\NagaNandhini\.vscode\extensions\redhat.java-1.55.0-win32-x64\jre\21.0.11-win32-x86_64\bin\java.exe
0x00007ffb0cec0000 - 0x00007ffb0d126000 	C:\WINDOWS\SYSTEM32\ntdll.dll
0x00007ffb0b540000 - 0x00007ffb0b609000 	C:\WINDOWS\System32\KERNEL32.DLL
0x00007ffb0a0a0000 - 0x00007ffb0a49f000 	C:\WINDOWS\System32\KERNELBASE.dll
0x00007ffb0a730000 - 0x00007ffb0a87c000 	C:\WINDOWS\System32\ucrtbase.dll
0x00007ffad28a0000 - 0x00007ffad28b8000 	c:\Users\NagaNandhini\.vscode\extensions\redhat.java-1.55.0-win32-x64\jre\21.0.11-win32-x86_64\bin\jli.dll
0x00007ffb0bc20000 - 0x00007ffb0bde6000 	C:\WINDOWS\System32\USER32.dll
0x00007ffacd180000 - 0x00007ffacd19e000 	c:\Users\NagaNandhini\.vscode\extensions\redhat.java-1.55.0-win32-x64\jre\21.0.11-win32-x86_64\bin\VCRUNTIME140.dll
0x00007ffb0a570000 - 0x00007ffb0a597000 	C:\WINDOWS\System32\win32u.dll
0x00007ffb0b330000 - 0x00007ffb0b35b000 	C:\WINDOWS\System32\GDI32.dll
0x00007ffb0a890000 - 0x00007ffb0a9b9000 	C:\WINDOWS\System32\gdi32full.dll
0x00007ffaed210000 - 0x00007ffaed4a1000 	C:\WINDOWS\WinSxS\amd64_microsoft.windows.common-controls_6595b64144ccf1df_6.0.26100.8972_none_3e0da176e32f9d4b\COMCTL32.dll
0x00007ffb0ab10000 - 0x00007ffb0abb3000 	C:\WINDOWS\System32\msvcp_win.dll
0x00007ffb0cbe0000 - 0x00007ffb0cc89000 	C:\WINDOWS\System32\msvcrt.dll
0x00007ffb0b170000 - 0x00007ffb0b1a2000 	C:\WINDOWS\System32\IMM32.DLL
0x00007ffaf3360000 - 0x00007ffaf336c000 	c:\Users\NagaNandhini\.vscode\extensions\redhat.java-1.55.0-win32-x64\jre\21.0.11-win32-x86_64\bin\vcruntime140_1.dll
0x00007ffa91dd0000 - 0x00007ffa91e5d000 	c:\Users\NagaNandhini\.vscode\extensions\redhat.java-1.55.0-win32-x64\jre\21.0.11-win32-x86_64\bin\msvcp140.dll
0x00007ffa762b0000 - 0x00007ffa77052000 	c:\Users\NagaNandhini\.vscode\extensions\redhat.java-1.55.0-win32-x64\jre\21.0.11-win32-x86_64\bin\server\jvm.dll
0x00007ffb0ca10000 - 0x00007ffb0cacc000 	C:\WINDOWS\System32\ADVAPI32.dll
0x00007ffb0c5b0000 - 0x00007ffb0c65a000 	C:\WINDOWS\System32\sechost.dll
0x00007ffb0aeb0000 - 0x00007ffb0afc8000 	C:\WINDOWS\System32\RPCRT4.dll
0x00007ffb0b1b0000 - 0x00007ffb0b232000 	C:\WINDOWS\System32\WS2_32.dll
0x00007ffb09f00000 - 0x00007ffb09f5e000 	C:\WINDOWS\SYSTEM32\POWRPROF.dll
0x00007ffafe890000 - 0x00007ffafe8c6000 	C:\WINDOWS\SYSTEM32\WINMM.dll
0x00007ffaf6710000 - 0x00007ffaf671b000 	C:\WINDOWS\SYSTEM32\VERSION.dll
0x00007ffb09ee0000 - 0x00007ffb09ef5000 	C:\WINDOWS\SYSTEM32\UMPDC.dll
0x00007ffb08d90000 - 0x00007ffb08dab000 	C:\WINDOWS\SYSTEM32\kernel.appcore.dll
0x00007ffaf2290000 - 0x00007ffaf229a000 	c:\Users\NagaNandhini\.vscode\extensions\redhat.java-1.55.0-win32-x64\jre\21.0.11-win32-x86_64\bin\jimage.dll
0x00007ffb07430000 - 0x00007ffb07672000 	C:\WINDOWS\SYSTEM32\DBGHELP.DLL
0x00007ffb0c680000 - 0x00007ffb0ca05000 	C:\WINDOWS\System32\combase.dll
0x00007ffb0acd0000 - 0x00007ffb0ada9000 	C:\WINDOWS\System32\OLEAUT32.dll
0x00007ffae3bd0000 - 0x00007ffae3c0b000 	C:\WINDOWS\SYSTEM32\dbgcore.DLL
0x00007ffb0aa50000 - 0x00007ffb0aafc000 	C:\WINDOWS\System32\bcryptPrimitives.dll
0x00007ffaf2220000 - 0x00007ffaf222f000 	c:\Users\NagaNandhini\.vscode\extensions\redhat.java-1.55.0-win32-x64\jre\21.0.11-win32-x86_64\bin\instrument.dll
0x00007ffabe420000 - 0x00007ffabe440000 	c:\Users\NagaNandhini\.vscode\extensions\redhat.java-1.55.0-win32-x64\jre\21.0.11-win32-x86_64\bin\java.dll
0x00007ffb0bdf0000 - 0x00007ffb0c578000 	C:\WINDOWS\System32\SHELL32.dll
0x00007ffb07b20000 - 0x00007ffb083bb000 	C:\WINDOWS\SYSTEM32\windows.storage.dll
0x00007ffb0adb0000 - 0x00007ffb0aea9000 	C:\WINDOWS\System32\SHCORE.dll
0x00007ffb0abc0000 - 0x00007ffb0ac26000 	C:\WINDOWS\System32\shlwapi.dll
0x00007ffb09fc0000 - 0x00007ffb09fe9000 	C:\WINDOWS\SYSTEM32\profapi.dll
0x00007ffab7f70000 - 0x00007ffab7f88000 	c:\Users\NagaNandhini\.vscode\extensions\redhat.java-1.55.0-win32-x64\jre\21.0.11-win32-x86_64\bin\zip.dll
0x00007ffaf1a70000 - 0x00007ffaf1a80000 	C:\Users\NagaNandhini\.vscode\extensions\redhat.java-1.55.0-win32-x64\jre\21.0.11-win32-x86_64\bin\net.dll
0x00007ffafdfd0000 - 0x00007ffafe0f8000 	C:\WINDOWS\SYSTEM32\WINHTTP.dll
0x00007ffb09340000 - 0x00007ffb093ac000 	C:\WINDOWS\system32\mswsock.dll
0x00007ffab7990000 - 0x00007ffab79a6000 	C:\Users\NagaNandhini\.vscode\extensions\redhat.java-1.55.0-win32-x64\jre\21.0.11-win32-x86_64\bin\nio.dll
0x00007ffaee340000 - 0x00007ffaee350000 	c:\Users\NagaNandhini\.vscode\extensions\redhat.java-1.55.0-win32-x64\jre\21.0.11-win32-x86_64\bin\verify.dll

JVMTI agents:
c:\Users\NagaNandhini\.vscode\extensions\redhat.java-1.55.0-win32-x64\lombok\lombok-1.18.39-4050.jar path:c:\Users\NagaNandhini\.vscode\extensions\redhat.java-1.55.0-win32-x64\jre\21.0.11-win32-x86_64\bin\instrument.dll, loaded, initialized, instrumentlib options:none

dbghelp: loaded successfully - version: 4.0.5 - missing functions: none
symbol engine: initialized successfully - sym options: 0x614 - pdb path: .;c:\Users\NagaNandhini\.vscode\extensions\redhat.java-1.55.0-win32-x64\jre\21.0.11-win32-x86_64\bin;C:\WINDOWS\SYSTEM32;C:\WINDOWS\WinSxS\amd64_microsoft.windows.common-controls_6595b64144ccf1df_6.0.26100.8972_none_3e0da176e32f9d4b;c:\Users\NagaNandhini\.vscode\extensions\redhat.java-1.55.0-win32-x64\jre\21.0.11-win32-x86_64\bin\server

VM Arguments:
jvm_args: --add-modules=ALL-SYSTEM --add-opens=java.base/java.util=ALL-UNNAMED --add-opens=java.base/java.lang=ALL-UNNAMED --add-opens=java.base/sun.nio.fs=ALL-UNNAMED -Declipse.application=org.eclipse.jdt.ls.core.id1 -Dosgi.bundles.defaultStartLevel=4 -Declipse.product=org.eclipse.jdt.ls.core.product -Djava.import.generatesMetadataFilesAtProjectRoot=false -DDetectVMInstallationsJob.disabled=true -Dfile.encoding=utf8 -XX:+UseParallelGC -XX:GCTimeRatio=4 -XX:AdaptiveSizePolicyWeight=90 -Dsun.zip.disableMemoryMapping=true -Xmx2G -Xms100m -Xlog:disable -javaagent:c:\Users\NagaNandhini\.vscode\extensions\redhat.java-1.55.0-win32-x64\lombok\lombok-1.18.39-4050.jar -XX:+HeapDumpOnOutOfMemoryError -XX:HeapDumpPath=c:\Users\NagaNandhini\AppData\Roaming\Code\User\workspaceStorage\ee4bf4df9f230f047ae884ac8f780d55\redhat.java -Daether.dependencyCollector.impl=bf 
java_command: c:\Users\NagaNandhini\.vscode\extensions\redhat.java-1.55.0-win32-x64\server\plugins\org.eclipse.equinox.launcher_1.7.200.v20260619-2039.jar -configuration c:\Users\NagaNandhini\AppData\Roaming\Code\User\globalStorage\redhat.java\1.55.0\config_win -data c:\Users\NagaNandhini\AppData\Roaming\Code\User\workspaceStorage\ee4bf4df9f230f047ae884ac8f780d55\redhat.java\jdt_ws --pipe=\\.\pipe\lsp-49efc351e5d527976c1e8b7d4901ab11-sock
java_class_path (initial): c:\Users\NagaNandhini\.vscode\extensions\redhat.java-1.55.0-win32-x64\server\plugins\org.eclipse.equinox.launcher_1.7.200.v20260619-2039.jar
Launcher Type: SUN_STANDARD

[Global flags]
    uintx AdaptiveSizePolicyWeight                 = 90                                        {product} {command line}
     intx CICompilerCount                          = 4                                         {product} {ergonomic}
    uintx GCTimeRatio                              = 4                                         {product} {command line}
     bool HeapDumpOnOutOfMemoryError               = true                                   {manageable} {command line}
    ccstr HeapDumpPath                             = c:\Users\NagaNandhini\AppData\Roaming\Code\User\workspaceStorage\ee4bf4df9f230f047ae884ac8f780d55\redhat.java         {manageable} {command line}
   size_t InitialHeapSize                          = 104857600                                 {product} {command line}
   size_t MaxHeapSize                              = 2147483648                                {product} {command line}
   size_t MaxNewSize                               = 715653120                                 {product} {ergonomic}
   size_t MinHeapDeltaBytes                        = 524288                                    {product} {ergonomic}
   size_t MinHeapSize                              = 104857600                                 {product} {command line}
   size_t NewSize                                  = 34603008                                  {product} {ergonomic}
    uintx NonNMethodCodeHeapSize                   = 5839372                                {pd product} {ergonomic}
    uintx NonProfiledCodeHeapSize                  = 122909434                              {pd product} {ergonomic}
   size_t OldSize                                  = 70254592                                  {product} {ergonomic}
    uintx ProfiledCodeHeapSize                     = 122909434                              {pd product} {ergonomic}
    uintx ReservedCodeCacheSize                    = 251658240                              {pd product} {ergonomic}
     bool SegmentedCodeCache                       = true                                      {product} {ergonomic}
   size_t SoftMaxHeapSize                          = 2147483648                             {manageable} {ergonomic}
     bool UseCompressedOops                        = true                           {product lp64_product} {ergonomic}
     bool UseLargePagesIndividualAllocation        = false                                  {pd product} {ergonomic}
     bool UseParallelGC                            = true                                      {product} {command line}

Logging:
Log output configuration:
 #0: stdout all=off uptime,level,tags foldmultilines=false
 #1: stderr all=off uptime,level,tags foldmultilines=false

Release file:
JAVA_VERSION="21.0.11" 
MODULES="java.base java.compiler java.datatransfer java.xml java.prefs java.desktop java.instrument java.logging java.management java.security.sasl java.naming java.rmi java.management.rmi java.net.http java.scripting java.security.jgss java.transaction.xa java.sql java.sql.rowset java.xml.crypto java.se java.smartcardio jdk.accessibility jdk.internal.jvmstat jdk.attach jdk.charsets jdk.internal.opt jdk.zipfs jdk.compiler jdk.crypto.ec jdk.crypto.cryptoki jdk.crypto.mscapi jdk.dynalink jdk.internal.ed jdk.editpad jdk.hotspot.agent jdk.httpserver jdk.internal.le jdk.internal.vm.ci jdk.internal.vm.compiler jdk.internal.vm.compiler.management jdk.jartool jdk.javadoc jdk.jcmd jdk.management jdk.management.agent jdk.jconsole jdk.jdeps jdk.jdwp.agent jdk.jdi jdk.jfr jdk.jshell jdk.jsobject jdk.jstatd jdk.localedata jdk.management.jfr jdk.naming.dns jdk.naming.rmi jdk.net jdk.nio.mapmode jdk.random jdk.sctp jdk.security.auth jdk.security.jgss jdk.unsupported jdk.unsupported.desktop jdk.xml.dom" 

Environment Variables:
JAVA_HOME=C:\Program Files\Java\jdk-25
PATH=C:\Program Files\Lapce\;C:\Program Files\Common Files\Oracle\Java\javapath;C:\WINDOWS\system32;C:\WINDOWS;C:\WINDOWS\System32\Wbem;C:\WINDOWS\System32\WindowsPowerShell\v1.0\;C:\WINDOWS\System32\OpenSSH\;C:\Program Files\MySQL\MySQL Server 5.5\bin;C:\ProgramData\chocolatey\bin;C:\Program Files\nodejs\;C:\Program Files\Docker\Docker\resources\bin;D:\New folder\Git\cmd;C:\Program Files\Lapce\;C:\Program Files\Common Files\Oracle\Java\javapath;C:\WINDOWS\system32;C:\WINDOWS;C:\WINDOWS\System32\Wbem;C:\WINDOWS\System32\WindowsPowerShell\v1.0\;C:\WINDOWS\System32\OpenSSH\;C:\Program Files\MySQL\MySQL Server 5.5\bin;C:\ProgramData\chocolatey\bin;C:\Program Files\nodejs\;C:\Program Files\Docker\Docker\resources\bin;D:\New folder\Git\cmd;C:\Users\NagaNandhini\AppData\Local\Programs\Python\Python314\Scripts\;C:\Users\NagaNandhini\AppData\Local\Programs\Python\Python314\;C:\Program Files\MySQL\MySQL Shell 9.1\bin\;C:\Users\NagaNandhini\AppData\Local\Microsoft\WindowsApps;C:\Users\NagaNandhini\AppData\Local\Programs\Microsoft VS Code\bin;C:\Users\NagaNandhini\.dotnet\tools;C:\Program Files\MySQL\MySQL Shell 9.1\bin;C:\Program Files\Java\jdk-23\bin;C:\Program Files\JetBrains\PyCharm 2024.3.1.1\bin;C:\Users\NagaNandhini\AppData\Local\Programs\Python\Python313\Lib\site-package;C:\Users\NagaNandhini\Downloads\flutter_windows_3.41.5-stable\flutter\bin;C:\Users\NagaNandhini\AppData\Local\Programs\Windsurf\bin;D:\Devin\bin;D:\Qoder\bin;C:\Users\NagaNandhini\Downloads\openjdk-26.0.2_windows-x64_bin.zip\jdk-26.0.2\bin;
USERNAME=NagaNandhini
OS=Windows_NT
PROCESSOR_IDENTIFIER=Intel64 Family 6 Model 140 Stepping 1, GenuineIntel
TMP=C:\Users\NAGANA~1\AppData\Local\Temp
TEMP=C:\Users\NAGANA~1\AppData\Local\Temp




Periodic native trim disabled

---------------  S Y S T E M  ---------------

OS:
 Windows 11 , 64 bit Build 26100 (10.0.26100.9168)
OS uptime: 0 days 11:37 hours
Hyper-V role detected

CPU: total 8 (initial active 8) (4 cores per cpu, 2 threads per core) family 6 model 140 stepping 1 microcode 0xb4, cx8, cmov, fxsr, ht, mmx, 3dnowpref, sse, sse2, sse3, ssse3, sse4.1, sse4.2, popcnt, lzcnt, tsc, tscinvbit, avx, avx2, aes, erms, clmul, bmi1, bmi2, adx, avx512f, avx512dq, avx512cd, avx512bw, avx512vl, sha, fma, vzeroupper, avx512_vpopcntdq, avx512_vpclmulqdq, avx512_vaes, avx512_vnni, clflush, clflushopt, clwb, avx512_vbmi2, avx512_vbmi, hv, rdtscp, rdpid, fsrm, gfni, avx512_bitalg, f16c, cet_ibt, cet_ss, avx512_ifma
Processor Information for the first 8 processors :
  Max Mhz: 2401, Current Mhz: 2401, Mhz Limit: 2401

Memory: 4k page, system-wide physical 16026M (1196M free)
TotalPageFile size 19740M (AvailPageFile size 6M)
current process WorkingSet (physical memory assigned to process): 73M, peak: 73M
current process commit charge ("private bytes"): 235M, peak: 236M

vm_info: OpenJDK 64-Bit Server VM (21.0.11+10-LTS) for windows-amd64 JRE (21.0.11+10-LTS), built on 2026-04-21T00:00:00Z by "admin" with MS VC++ 17.12 (VS2022)

END.
